
> prism@0.0.0 test
> jest

node.exe : PASS test/electron/repositories/showRepository/findRandomShow.test.ts
At C:\nvm4w\nodejs\npm.ps1:29 char:3
+   & $NODE_EXE $NPM_CLI_JS $args
+   ~~~~~~~~~~~~~~~~~~~~~~~~~~~~~
    + CategoryInfo          : NotSpecified: (PASS test/elect...domShow.test.ts:String) [], RemoteException
    + FullyQualifiedErrorId : NativeCommandError
 
  ΓùÅ Console

    console.log
      [Jest Setup] Initializing test database...

      at Object.<anonymous> (test/jestSetup.ts:90:11)

    console.log
      [Jest Setup] Test database created at: C:\Users\Main\Documents\GitHub\kaleidoscope\temp-test.db

      at Object.<anonymous> (test/jestSetup.ts:100:11)

    console.log
      [populateTestData] Sample holiday data populated

      at populateTestData (test/testDatabaseSetup.ts:651:13)

    console.log
      [Jest Setup] Test data populated

      at Object.<anonymous> (test/jestSetup.ts:104:11)

    console.log
      [Jest Setup] Test database injected into sqliteService

      at Object.<anonymous> (test/jestSetup.ts:108:11)

    console.log
      [Jest Setup] Closing test database...

      at Object.<anonymous> (test/jestSetup.ts:114:13)

PASS test/electron/repositories/showRepository/findAll.test.ts
  ΓùÅ Console

    console.log
      [Jest Setup] Initializing test database...

      at Object.<anonymous> (test/jestSetup.ts:90:11)

    console.log
      [Jest Setup] Test database created at: C:\Users\Main\Documents\GitHub\kaleidoscope\temp-test.db

      at Object.<anonymous> (test/jestSetup.ts:100:11)

    console.log
      [populateTestData] Sample holiday data populated

      at populateTestData (test/testDatabaseSetup.ts:651:13)

    console.log
      [Jest Setup] Test data populated

      at Object.<anonymous> (test/jestSetup.ts:104:11)

    console.log
      [Jest Setup] Test database injected into sqliteService

      at Object.<anonymous> (test/jestSetup.ts:108:11)

    console.log
      [Jest Setup] Closing test database...

      at Object.<anonymous> (test/jestSetup.ts:114:13)

PASS test/electron/services/holidayIntentCacheManager/getRemainingMinutesToday.test.ts
  ΓùÅ Console

    console.log
      [Jest Setup] Initializing test database...

      at Object.<anonymous> (test/jestSetup.ts:90:11)

    console.log
      [Jest Setup] Test database created at: C:\Users\Main\Documents\GitHub\kaleidoscope\temp-test.db

      at Object.<anonymous> (test/jestSetup.ts:100:11)

    console.log
      [populateTestData] Sample holiday data populated

      at populateTestData (test/testDatabaseSetup.ts:651:13)

    console.log
      [Jest Setup] Test data populated

      at Object.<anonymous> (test/jestSetup.ts:104:11)

    console.log
      [Jest Setup] Test database injected into sqliteService

      at Object.<anonymous> (test/jestSetup.ts:108:11)

    console.log
      [Jest Setup] Closing test database...

      at Object.<anonymous> (test/jestSetup.ts:114:13)

PASS test/electron/services/holidayIntentCacheManager/getStats.test.ts
  ΓùÅ Console

    console.log
      [Jest Setup] Initializing test database...

      at Object.<anonymous> (test/jestSetup.ts:90:11)

    console.log
      [Jest Setup] Test database created at: C:\Users\Main\Documents\GitHub\kaleidoscope\temp-test.db

      at Object.<anonymous> (test/jestSetup.ts:100:11)

    console.log
      [populateTestData] Sample holiday data populated

      at populateTestData (test/testDatabaseSetup.ts:651:13)

    console.log
      [Jest Setup] Test data populated

      at Object.<anonymous> (test/jestSetup.ts:104:11)

    console.log
      [Jest Setup] Test database injected into sqliteService

      at Object.<anonymous> (test/jestSetup.ts:108:11)

    console.log
      [Jest Setup] Closing test database...

      at Object.<anonymous> (test/jestSetup.ts:114:13)

PASS test/electron/services/holidayIntentCacheManager/invalidateAll.test.ts
  ΓùÅ Console

    console.log
      [Jest Setup] Initializing test database...

      at Object.<anonymous> (test/jestSetup.ts:90:11)

    console.log
      [Jest Setup] Test database created at: C:\Users\Main\Documents\GitHub\kaleidoscope\temp-test.db

      at Object.<anonymous> (test/jestSetup.ts:100:11)

    console.log
      [populateTestData] Sample holiday data populated

      at populateTestData (test/testDatabaseSetup.ts:651:13)

    console.log
      [Jest Setup] Test data populated

      at Object.<anonymous> (test/jestSetup.ts:104:11)

    console.log
      [Jest Setup] Test database injected into sqliteService

      at Object.<anonymous> (test/jestSetup.ts:108:11)

    console.log
      [Jest Setup] Closing test database...

      at Object.<anonymous> (test/jestSetup.ts:114:13)

PASS test/electron/services/holidayIntentCacheManager/clear.test.ts
  ΓùÅ Console

    console.log
      [Jest Setup] Initializing test database...

      at Object.<anonymous> (test/jestSetup.ts:90:11)

    console.log
      [Jest Setup] Test database created at: C:\Users\Main\Documents\GitHub\kaleidoscope\temp-test.db

      at Object.<anonymous> (test/jestSetup.ts:100:11)

    console.log
      [populateTestData] Sample holiday data populated

      at populateTestData (test/testDatabaseSetup.ts:651:13)

    console.log
      [Jest Setup] Test data populated

      at Object.<anonymous> (test/jestSetup.ts:104:11)

    console.log
      [Jest Setup] Test database injected into sqliteService

      at Object.<anonymous> (test/jestSetup.ts:108:11)

    console.log
      [Jest Setup] Closing test database...

      at Object.<anonymous> (test/jestSetup.ts:114:13)

PASS test/electron/repositories/showRepository/findByTag.test.ts
  ΓùÅ Console

    console.log
      [Jest Setup] Initializing test database...

      at Object.<anonymous> (test/jestSetup.ts:90:11)

    console.log
      [Jest Setup] Test database created at: C:\Users\Main\Documents\GitHub\kaleidoscope\temp-test.db

      at Object.<anonymous> (test/jestSetup.ts:100:11)

    console.log
      [populateTestData] Sample holiday data populated

      at populateTestData (test/testDatabaseSetup.ts:651:13)

    console.log
      [Jest Setup] Test data populated

      at Object.<anonymous> (test/jestSetup.ts:104:11)

    console.log
      [Jest Setup] Test database injected into sqliteService

      at Object.<anonymous> (test/jestSetup.ts:108:11)

    console.log
      [Jest Setup] Closing test database...

      at Object.<anonymous> (test/jestSetup.ts:114:13)

PASS test/electron/utils/findNextCadenceTime.test.ts
  ΓùÅ Console

    console.log
      [Jest Setup] Initializing test database...

      at Object.<anonymous> (test/jestSetup.ts:90:11)

    console.log
      [Jest Setup] Test database created at: C:\Users\Main\Documents\GitHub\kaleidoscope\temp-test.db

      at Object.<anonymous> (test/jestSetup.ts:100:11)

    console.log
      [populateTestData] Sample holiday data populated

      at populateTestData (test/testDatabaseSetup.ts:651:13)

    console.log
      [Jest Setup] Test data populated

      at Object.<anonymous> (test/jestSetup.ts:104:11)

    console.log
      [Jest Setup] Test database injected into sqliteService

      at Object.<anonymous> (test/jestSetup.ts:108:11)

    console.log
      [Jest Setup] Closing test database...

      at Object.<anonymous> (test/jestSetup.ts:114:13)

PASS test/electron/services/streamConstructor/constructRemainingStream.test.ts
  ΓùÅ Console

    console.log
      [Jest Setup] Initializing test database...

      at Object.<anonymous> (test/jestSetup.ts:90:11)

    console.log
      [Jest Setup] Test database created at: C:\Users\Main\Documents\GitHub\kaleidoscope\temp-test.db

      at Object.<anonymous> (test/jestSetup.ts:100:11)

    console.log
      [populateTestData] Sample holiday data populated

      at populateTestData (test/testDatabaseSetup.ts:651:13)

    console.log
      [Jest Setup] Test data populated

      at Object.<anonymous> (test/jestSetup.ts:104:11)

    console.log
      [Jest Setup] Test database injected into sqliteService

      at Object.<anonymous> (test/jestSetup.ts:108:11)

    console.log
      [Jest Setup] Closing test database...

      at Object.<anonymous> (test/jestSetup.ts:114:13)

PASS test/electron/services/holidayIntentCacheManager/getTodayTargetMinutes.test.ts
  ΓùÅ Console

    console.log
      [Jest Setup] Initializing test database...

      at Object.<anonymous> (test/jestSetup.ts:90:11)

    console.log
      [Jest Setup] Test database created at: C:\Users\Main\Documents\GitHub\kaleidoscope\temp-test.db

      at Object.<anonymous> (test/jestSetup.ts:100:11)

    console.log
      [populateTestData] Sample holiday data populated

      at populateTestData (test/testDatabaseSetup.ts:651:13)

    console.log
      [Jest Setup] Test data populated

      at Object.<anonymous> (test/jestSetup.ts:104:11)

    console.log
      [Jest Setup] Test database injected into sqliteService

      at Object.<anonymous> (test/jestSetup.ts:108:11)

    console.log
      [Jest Setup] Closing test database...

      at Object.<anonymous> (test/jestSetup.ts:114:13)

PASS test/electron/services/streamConstructor/selectThemedMediaForStream.test.ts
  ΓùÅ Console

    console.log
      [Jest Setup] Initializing test database...

      at Object.<anonymous> (test/jestSetup.ts:90:11)

    console.log
      [Jest Setup] Test database created at: C:\Users\Main\Documents\GitHub\kaleidoscope\temp-test.db

      at Object.<anonymous> (test/jestSetup.ts:100:11)

    console.log
      [populateTestData] Sample holiday data populated

      at populateTestData (test/testDatabaseSetup.ts:651:13)

    console.log
      [Jest Setup] Test data populated

      at Object.<anonymous> (test/jestSetup.ts:104:11)

    console.log
      [Jest Setup] Test database injected into sqliteService

      at Object.<anonymous> (test/jestSetup.ts:108:11)

    console.log
      [Jest Setup] Closing test database...

      at Object.<anonymous> (test/jestSetup.ts:114:13)

PASS test/electron/services/holidayIntentCacheManager/invalidateHoliday.test.ts
  ΓùÅ Console

    console.log
      [Jest Setup] Initializing test database...

      at Object.<anonymous> (test/jestSetup.ts:90:11)

    console.log
      [Jest Setup] Test database created at: C:\Users\Main\Documents\GitHub\kaleidoscope\temp-test.db

      at Object.<anonymous> (test/jestSetup.ts:100:11)

    console.log
      [populateTestData] Sample holiday data populated

      at populateTestData (test/testDatabaseSetup.ts:651:13)

    console.log
      [Jest Setup] Test data populated

      at Object.<anonymous> (test/jestSetup.ts:104:11)

    console.log
      [Jest Setup] Test database injected into sqliteService

      at Object.<anonymous> (test/jestSetup.ts:108:11)

    console.log
      [Jest Setup] Closing test database...

      at Object.<anonymous> (test/jestSetup.ts:114:13)

PASS test/electron/services/holidayIntentCacheManager/canAddMoreContent.test.ts
  ΓùÅ Console

    console.log
      [Jest Setup] Initializing test database...

      at Object.<anonymous> (test/jestSetup.ts:90:11)

    console.log
      [Jest Setup] Test database created at: C:\Users\Main\Documents\GitHub\kaleidoscope\temp-test.db

      at Object.<anonymous> (test/jestSetup.ts:100:11)

    console.log
      [populateTestData] Sample holiday data populated

      at populateTestData (test/testDatabaseSetup.ts:651:13)

    console.log
      [Jest Setup] Test data populated

      at Object.<anonymous> (test/jestSetup.ts:104:11)

    console.log
      [Jest Setup] Test database injected into sqliteService

      at Object.<anonymous> (test/jestSetup.ts:108:11)

    console.log
      [Jest Setup] Closing test database...

      at Object.<anonymous> (test/jestSetup.ts:114:13)

PASS test/electron/services/holidayIntentCacheManager/getIntent.test.ts
  ΓùÅ Console

    console.log
      [Jest Setup] Initializing test database...

      at Object.<anonymous> (test/jestSetup.ts:90:11)

    console.log
      [Jest Setup] Test database created at: C:\Users\Main\Documents\GitHub\kaleidoscope\temp-test.db

      at Object.<anonymous> (test/jestSetup.ts:100:11)

    console.log
      [populateTestData] Sample holiday data populated

      at populateTestData (test/testDatabaseSetup.ts:651:13)

    console.log
      [Jest Setup] Test data populated

      at Object.<anonymous> (test/jestSetup.ts:104:11)

    console.log
      [Jest Setup] Test database injected into sqliteService

      at Object.<anonymous> (test/jestSetup.ts:108:11)

    console.log
      [Jest Setup] Closing test database...

      at Object.<anonymous> (test/jestSetup.ts:114:13)

PASS test/electron/services/holidayIntentCacheManager/calculateIntent.test.ts
  ΓùÅ Console

    console.log
      [Jest Setup] Initializing test database...

      at Object.<anonymous> (test/jestSetup.ts:90:11)

    console.log
      [Jest Setup] Test database created at: C:\Users\Main\Documents\GitHub\kaleidoscope\temp-test.db

      at Object.<anonymous> (test/jestSetup.ts:100:11)

    console.log
      [populateTestData] Sample holiday data populated

      at populateTestData (test/testDatabaseSetup.ts:651:13)

    console.log
      [Jest Setup] Test data populated

      at Object.<anonymous> (test/jestSetup.ts:104:11)

    console.log
      [Jest Setup] Test database injected into sqliteService

      at Object.<anonymous> (test/jestSetup.ts:108:11)

    console.log
      [Jest Setup] Closing test database...

      at Object.<anonymous> (test/jestSetup.ts:114:13)

PASS test/electron/services/holidayIntentCacheManager/calculateThreeDayDistribution.test.ts
  ΓùÅ Console

    console.log
      [Jest Setup] Initializing test database...

      at Object.<anonymous> (test/jestSetup.ts:90:11)

    console.log
      [Jest Setup] Test database created at: C:\Users\Main\Documents\GitHub\kaleidoscope\temp-test.db

      at Object.<anonymous> (test/jestSetup.ts:100:11)

    console.log
      [populateTestData] Sample holiday data populated

      at populateTestData (test/testDatabaseSetup.ts:651:13)

    console.log
      [Jest Setup] Test data populated

      at Object.<anonymous> (test/jestSetup.ts:104:11)

    console.log
      [Jest Setup] Test database injected into sqliteService

      at Object.<anonymous> (test/jestSetup.ts:108:11)

    console.log
      [Jest Setup] Closing test database...

      at Object.<anonymous> (test/jestSetup.ts:114:13)

PASS test/electron/prisms/spectrum/isBufferMediaPoolValid.test.ts
  ΓùÅ Console

    console.log
      [Jest Setup] Initializing test database...

      at Object.<anonymous> (test/jestSetup.ts:90:11)

    console.log
      [Jest Setup] Test database created at: C:\Users\Main\Documents\GitHub\kaleidoscope\temp-test.db

      at Object.<anonymous> (test/jestSetup.ts:100:11)

    console.log
      [populateTestData] Sample holiday data populated

      at populateTestData (test/testDatabaseSetup.ts:651:13)

    console.log
      [Jest Setup] Test data populated

      at Object.<anonymous> (test/jestSetup.ts:104:11)

    console.log
      [Jest Setup] Test database injected into sqliteService

      at Object.<anonymous> (test/jestSetup.ts:108:11)

    console.log
      [Jest Setup] Closing test database...

      at Object.<anonymous> (test/jestSetup.ts:114:13)

PASS test/electron/services/holidayIntentCacheManager/getRotationDay.test.ts
  ΓùÅ Console

    console.log
      [Jest Setup] Initializing test database...

      at Object.<anonymous> (test/jestSetup.ts:90:11)

    console.log
      [Jest Setup] Test database created at: C:\Users\Main\Documents\GitHub\kaleidoscope\temp-test.db

      at Object.<anonymous> (test/jestSetup.ts:100:11)

    console.log
      [populateTestData] Sample holiday data populated

      at populateTestData (test/testDatabaseSetup.ts:651:13)

    console.log
      [Jest Setup] Test data populated

      at Object.<anonymous> (test/jestSetup.ts:104:11)

    console.log
      [Jest Setup] Test database injected into sqliteService

      at Object.<anonymous> (test/jestSetup.ts:108:11)

    console.log
      [Jest Setup] Closing test database...

      at Object.<anonymous> (test/jestSetup.ts:114:13)

PASS test/electron/services/streamConstructor/isHolidaySeason.test.ts
  ΓùÅ Console

    console.log
      [Jest Setup] Initializing test database...

      at Object.<anonymous> (test/jestSetup.ts:90:11)

    console.log
      [Jest Setup] Test database created at: C:\Users\Main\Documents\GitHub\kaleidoscope\temp-test.db

      at Object.<anonymous> (test/jestSetup.ts:100:11)

    console.log
      [populateTestData] Sample holiday data populated

      at populateTestData (test/testDatabaseSetup.ts:651:13)

    console.log
      [Jest Setup] Test data populated

      at Object.<anonymous> (test/jestSetup.ts:104:11)

    console.log
      [Jest Setup] Test database injected into sqliteService

      at Object.<anonymous> (test/jestSetup.ts:108:11)

    console.log
      [Jest Setup] Closing test database...

      at Object.<anonymous> (test/jestSetup.ts:114:13)

PASS test/electron/services/streamConstructor/isHolidayDate.test.ts
  ΓùÅ Console

    console.log
      [Jest Setup] Initializing test database...

      at Object.<anonymous> (test/jestSetup.ts:90:11)

    console.log
      [Jest Setup] Test database created at: C:\Users\Main\Documents\GitHub\kaleidoscope\temp-test.db

      at Object.<anonymous> (test/jestSetup.ts:100:11)

    console.log
      [populateTestData] Sample holiday data populated

      at populateTestData (test/testDatabaseSetup.ts:651:13)

    console.log
      [Jest Setup] Test data populated

      at Object.<anonymous> (test/jestSetup.ts:104:11)

    console.log
      [Jest Setup] Test database injected into sqliteService

      at Object.<anonymous> (test/jestSetup.ts:108:11)

    console.log
      [Jest Setup] Closing test database...

      at Object.<anonymous> (test/jestSetup.ts:114:13)

PASS test/electron/services/streamConstructor/selectHolidayMediaForTag.test.ts
  ΓùÅ Console

    console.log
      [Jest Setup] Initializing test database...

      at Object.<anonymous> (test/jestSetup.ts:90:11)

    console.log
      [Jest Setup] Test database created at: C:\Users\Main\Documents\GitHub\kaleidoscope\temp-test.db

      at Object.<anonymous> (test/jestSetup.ts:100:11)

    console.log
      [populateTestData] Sample holiday data populated

      at populateTestData (test/testDatabaseSetup.ts:651:13)

    console.log
      [Jest Setup] Test data populated

      at Object.<anonymous> (test/jestSetup.ts:104:11)

    console.log
      [Jest Setup] Test database injected into sqliteService

      at Object.<anonymous> (test/jestSetup.ts:108:11)

    console.log
      [Jest Setup] Closing test database...

      at Object.<anonymous> (test/jestSetup.ts:114:13)

PASS test/electron/services/holidayIntentCacheManager/trackSelectedMinutes.test.ts
  ΓùÅ Console

    console.log
      [Jest Setup] Initializing test database...

      at Object.<anonymous> (test/jestSetup.ts:90:11)

    console.log
      [Jest Setup] Test database created at: C:\Users\Main\Documents\GitHub\kaleidoscope\temp-test.db

      at Object.<anonymous> (test/jestSetup.ts:100:11)

    console.log
      [populateTestData] Sample holiday data populated

      at populateTestData (test/testDatabaseSetup.ts:651:13)

    console.log
      [Jest Setup] Test data populated

      at Object.<anonymous> (test/jestSetup.ts:104:11)

    console.log
      [Jest Setup] Test database injected into sqliteService

      at Object.<anonymous> (test/jestSetup.ts:108:11)

    console.log
      [Jest Setup] Closing test database...

      at Object.<anonymous> (test/jestSetup.ts:114:13)


Test Suites: 22 passed, 22 total
Tests:       154 passed, 154 total
Snapshots:   0 total
Time:        6.413 s
Ran all test suites.
