
> prism@0.0.0 test
> jest test/electron/prisms/spectrum/isBufferMediaPoolValid.test.ts

  console.log
    [Jest Setup] Initializing test database...

      at Object.<anonymous> (test/jestSetup.ts:42:11)

  console.log
    [Jest Setup] Test database created at: C:\Users\Main\Documents\GitHub\kaleidoscope/temp-test.db

      at Object.<anonymous> (test/jestSetup.ts:52:11)

  console.log
    [populateTestData] Sample holiday data populated

      at populateTestData (test/testDatabaseSetup.ts:157:13)

  console.log
    [Jest Setup] Test data populated

      at Object.<anonymous> (test/jestSetup.ts:59:11)

  console.log
    [Jest Setup] Test database injected into sqliteService

      at Object.<anonymous> (test/jestSetup.ts:63:11)

node.exe : FAIL test/electron/prisms/spectrum/isBufferMediaPoolValid.test.ts
At C:\nvm4w\nodejs\npm.ps1:29 char:3
+   & $NODE_EXE $NPM_CLI_JS $args
+   ~~~~~~~~~~~~~~~~~~~~~~~~~~~~~
    + CategoryInfo          : NotSpecified: (FAIL test/elect...olValid.test.ts:String) [], RemoteException
    + FullyQualifiedErrorId : NativeCommandError
 
  isBufferMediaPoolValid
    Edge Cases - Zero Counts
      ΓêÜ should return false when no media provided (3 ms)
      ΓêÜ should return false when only commercials provided but insufficient (1 ms)
      ΓêÜ should return false when only shorts/music provided with no backup commercials
      ├ù should pass when commercials alone cover 2-hour pool (3 ms)
    High Usability Scores - Many Small Pieces
      ├ù should pass with many 3-minute music videos + backup commercials (1 ms)
      ├ù should pass with all shorts and music of varied duration (1 ms)
    Low Usability Scores - Few Large Pieces
      ΓêÜ should fail when only large shorts/music with insufficient commercial backup (1 ms)
      ΓêÜ should fail with minimal pieces and insufficient commercials (2 ms)
    Mixed Media Type Scenarios
      ├ù should pass with balanced mix of shorts, music, and commercials (1 ms)
      ├ù should handle music-heavy mix with minimal shorts (1 ms)
      ├ù should handle shorts-heavy mix with minimal music (1 ms)
    Buffer Duration Variations
      ΓêÜ should handle small buffer duration (5 minutes) (1 ms)
      ├ù should handle large buffer duration (45 minutes)
    Reusage Window Pressure - 8 Buffers in 4 Hours
      ├ù should account for 8 buffer slots in 4-hour window (1 ms)
      ├ù should fail when not enough unique pieces for 8 buffer slots (1 ms)
    Commercial Duration Mix - Various Lengths
      ΓêÜ should handle mix of 15s, 30s, and 60s commercials (1 ms)
      ├ù should handle very short commercials (15s) in large quantity (1 ms)
      ├ù should handle very long commercial (120s) backup
    Boundary Conditions - Exact Matches
      ΓêÜ should pass when exactly 7200 seconds available (commercials only)
      ├ù should pass when commercials + shorts/music total ~7200 seconds (1 ms)
      ΓêÜ should fail when just 1 second short of requirement
    Realistic Scenario Tests
      ├ù should pass for typical daily streaming block
      ΓêÜ should fail for under-resourced streaming block
      ├ù should pass for content-rich but low-commercial pool (1 ms)

  ΓùÅ isBufferMediaPoolValid ΓÇ║ Edge Cases - Zero Counts ΓÇ║ should pass when commercials alone cover 
2-hour pool

    expect(received).toBe(expected) // Object.is equality

    Expected: true
    Received: false

    [0m [90m 102 |[39m         [33mBUFFER_DURATION[39m
     [90m 103 |[39m       )[33m;[39m
    [31m[1m>[22m[39m[90m 104 |[39m       expect(result)[33m.[39mtoBe([36mtrue[39m)[33m;[39m
     [90m     |[39m                      [31m[1m^[22m[39m
     [90m 105 |[39m     })[33m;[39m
     [90m 106 |[39m   })[33m;[39m
     [90m 107 |[39m[0m

      at Object.<anonymous> (test/electron/prisms/spectrum/isBufferMediaPoolValid.test.ts:104:22)

  ΓùÅ isBufferMediaPoolValid ΓÇ║ High Usability Scores - Many Small Pieces ΓÇ║ should pass with many 
3-minute music videos + backup commercials

    expect(received).toBe(expected) // Object.is equality

    Expected: true
    Received: false

    [0m [90m 132 |[39m         [33mBUFFER_DURATION[39m
     [90m 133 |[39m       )[33m;[39m
    [31m[1m>[22m[39m[90m 134 |[39m       expect(result)[33m.[39mtoBe([36mtrue[39m)[33m;[39m
     [90m     |[39m                      [31m[1m^[22m[39m
     [90m 135 |[39m     })[33m;[39m
     [90m 136 |[39m
     [90m 137 |[39m     it([32m"should pass with all shorts and music of varied 
duration"[39m[33m,[39m () [33m=>[39m {[0m

      at Object.<anonymous> (test/electron/prisms/spectrum/isBufferMediaPoolValid.test.ts:134:22)

  ΓùÅ isBufferMediaPoolValid ΓÇ║ High Usability Scores - Many Small Pieces ΓÇ║ should pass with all shorts 
and music of varied duration

    expect(received).toBe(expected) // Object.is equality

    Expected: true
    Received: false

    [0m [90m 150 |[39m         [33mBUFFER_DURATION[39m
     [90m 151 |[39m       )[33m;[39m
    [31m[1m>[22m[39m[90m 152 |[39m       expect(result)[33m.[39mtoBe([36mtrue[39m)[33m;[39m
     [90m     |[39m                      [31m[1m^[22m[39m
     [90m 153 |[39m     })[33m;[39m
     [90m 154 |[39m   })[33m;[39m
     [90m 155 |[39m[0m

      at Object.<anonymous> (test/electron/prisms/spectrum/isBufferMediaPoolValid.test.ts:152:22)

  ΓùÅ isBufferMediaPoolValid ΓÇ║ Mixed Media Type Scenarios ΓÇ║ should pass with balanced mix of shorts, 
music, and commercials

    expect(received).toBe(expected) // Object.is equality

    Expected: true
    Received: false

    [0m [90m 226 |[39m         [33mBUFFER_DURATION[39m
     [90m 227 |[39m       )[33m;[39m
    [31m[1m>[22m[39m[90m 228 |[39m       expect(result)[33m.[39mtoBe([36mtrue[39m)[33m;[39m
     [90m     |[39m                      [31m[1m^[22m[39m
     [90m 229 |[39m     })[33m;[39m
     [90m 230 |[39m
     [90m 231 |[39m     it([32m"should handle music-heavy mix with minimal shorts"[39m[33m,[39m () 
[33m=>[39m {[0m

      at Object.<anonymous> (test/electron/prisms/spectrum/isBufferMediaPoolValid.test.ts:228:22)

  ΓùÅ isBufferMediaPoolValid ΓÇ║ Mixed Media Type Scenarios ΓÇ║ should handle music-heavy mix with minimal 
shorts

    expect(received).toBe(expected) // Object.is equality

    Expected: true
    Received: false

    [0m [90m 256 |[39m         [33mBUFFER_DURATION[39m
     [90m 257 |[39m       )[33m;[39m
    [31m[1m>[22m[39m[90m 258 |[39m       expect(result)[33m.[39mtoBe([36mtrue[39m)[33m;[39m
     [90m     |[39m                      [31m[1m^[22m[39m
     [90m 259 |[39m     })[33m;[39m
     [90m 260 |[39m
     [90m 261 |[39m     it([32m"should handle shorts-heavy mix with minimal music"[39m[33m,[39m () 
[33m=>[39m {[0m

      at Object.<anonymous> (test/electron/prisms/spectrum/isBufferMediaPoolValid.test.ts:258:22)

  ΓùÅ isBufferMediaPoolValid ΓÇ║ Mixed Media Type Scenarios ΓÇ║ should handle shorts-heavy mix with minimal 
music

    expect(received).toBe(expected) // Object.is equality

    Expected: true
    Received: false

    [0m [90m 284 |[39m         [33mBUFFER_DURATION[39m
     [90m 285 |[39m       )[33m;[39m
    [31m[1m>[22m[39m[90m 286 |[39m       expect(result)[33m.[39mtoBe([36mtrue[39m)[33m;[39m
     [90m     |[39m                      [31m[1m^[22m[39m
     [90m 287 |[39m     })[33m;[39m
     [90m 288 |[39m   })[33m;[39m
     [90m 289 |[39m[0m

      at Object.<anonymous> (test/electron/prisms/spectrum/isBufferMediaPoolValid.test.ts:286:22)

  ΓùÅ isBufferMediaPoolValid ΓÇ║ Buffer Duration Variations ΓÇ║ should handle large buffer duration (45 
minutes)

    expect(received).toBe(expected) // Object.is equality

    Expected: true
    Received: false

    [0m [90m 333 |[39m         largeBufferDuration
     [90m 334 |[39m       )[33m;[39m
    [31m[1m>[22m[39m[90m 335 |[39m       expect(result)[33m.[39mtoBe([36mtrue[39m)[33m;[39m
     [90m     |[39m                      [31m[1m^[22m[39m
     [90m 336 |[39m     })[33m;[39m
     [90m 337 |[39m   })[33m;[39m
     [90m 338 |[39m[0m

      at Object.<anonymous> (test/electron/prisms/spectrum/isBufferMediaPoolValid.test.ts:335:22)

  ΓùÅ isBufferMediaPoolValid ΓÇ║ Reusage Window Pressure - 8 Buffers in 4 Hours ΓÇ║ should account for 8 
buffer slots in 4-hour window

    expect(received).toBe(expected) // Object.is equality

    Expected: true
    Received: false

    [0m [90m 360 |[39m         [33mBUFFER_DURATION[39m
     [90m 361 |[39m       )[33m;[39m
    [31m[1m>[22m[39m[90m 362 |[39m       expect(result)[33m.[39mtoBe([36mtrue[39m)[33m;[39m
     [90m     |[39m                      [31m[1m^[22m[39m
     [90m 363 |[39m     })[33m;[39m
     [90m 364 |[39m
     [90m 365 |[39m     it([32m"should fail when not enough unique pieces for 8 buffer 
slots"[39m[33m,[39m () [33m=>[39m {[0m

      at Object.<anonymous> (test/electron/prisms/spectrum/isBufferMediaPoolValid.test.ts:362:22)

  ΓùÅ isBufferMediaPoolValid ΓÇ║ Reusage Window Pressure - 8 Buffers in 4 Hours ΓÇ║ should fail when not 
enough unique pieces for 8 buffer slots

    expect(received).toBe(expected) // Object.is equality

    Expected: true
    Received: false

    [0m [90m 379 |[39m         [33mBUFFER_DURATION[39m
     [90m 380 |[39m       )[33m;[39m
    [31m[1m>[22m[39m[90m 381 |[39m       expect(result)[33m.[39mtoBe([36mtrue[39m)[33m;[39m
     [90m     |[39m                      [31m[1m^[22m[39m
     [90m 382 |[39m     })[33m;[39m
     [90m 383 |[39m   })[33m;[39m
     [90m 384 |[39m[0m

      at Object.<anonymous> (test/electron/prisms/spectrum/isBufferMediaPoolValid.test.ts:381:22)

  ΓùÅ isBufferMediaPoolValid ΓÇ║ Commercial Duration Mix - Various Lengths ΓÇ║ should handle very short 
commercials (15s) in large quantity

    expect(received).toBe(expected) // Object.is equality

    Expected: true
    Received: false

    [0m [90m 421 |[39m         [33mBUFFER_DURATION[39m
     [90m 422 |[39m       )[33m;[39m
    [31m[1m>[22m[39m[90m 423 |[39m       expect(result)[33m.[39mtoBe([36mtrue[39m)[33m;[39m
     [90m     |[39m                      [31m[1m^[22m[39m
     [90m 424 |[39m     })[33m;[39m
     [90m 425 |[39m
     [90m 426 |[39m     it([32m"should handle very long commercial (120s) backup"[39m[33m,[39m () 
[33m=>[39m {[0m

      at Object.<anonymous> (test/electron/prisms/spectrum/isBufferMediaPoolValid.test.ts:423:22)

  ΓùÅ isBufferMediaPoolValid ΓÇ║ Commercial Duration Mix - Various Lengths ΓÇ║ should handle very long 
commercial (120s) backup

    expect(received).toBe(expected) // Object.is equality

    Expected: true
    Received: false

    [0m [90m 440 |[39m         [33mBUFFER_DURATION[39m
     [90m 441 |[39m       )[33m;[39m
    [31m[1m>[22m[39m[90m 442 |[39m       expect(result)[33m.[39mtoBe([36mtrue[39m)[33m;[39m
     [90m     |[39m                      [31m[1m^[22m[39m
     [90m 443 |[39m     })[33m;[39m
     [90m 444 |[39m   })[33m;[39m
     [90m 445 |[39m[0m

      at Object.<anonymous> (test/electron/prisms/spectrum/isBufferMediaPoolValid.test.ts:442:22)

  ΓùÅ isBufferMediaPoolValid ΓÇ║ Boundary Conditions - Exact Matches ΓÇ║ should pass when commercials + 
shorts/music total ~7200 seconds

    expect(received).toBe(expected) // Object.is equality

    Expected: true
    Received: false

    [0m [90m 491 |[39m         [33mBUFFER_DURATION[39m
     [90m 492 |[39m       )[33m;[39m
    [31m[1m>[22m[39m[90m 493 |[39m       expect(result)[33m.[39mtoBe([36mtrue[39m)[33m;[39m
     [90m     |[39m                      [31m[1m^[22m[39m
     [90m 494 |[39m     })[33m;[39m
     [90m 495 |[39m
     [90m 496 |[39m     it([32m"should fail when just 1 second short of requirement"[39m[33m,[39m () 
[33m=>[39m {[0m

      at Object.<anonymous> (test/electron/prisms/spectrum/isBufferMediaPoolValid.test.ts:493:22)

  ΓùÅ isBufferMediaPoolValid ΓÇ║ Realistic Scenario Tests ΓÇ║ should pass for typical daily streaming block

    expect(received).toBe(expected) // Object.is equality

    Expected: true
    Received: false

    [0m [90m 550 |[39m         [33mBUFFER_DURATION[39m
     [90m 551 |[39m       )[33m;[39m
    [31m[1m>[22m[39m[90m 552 |[39m       expect(result)[33m.[39mtoBe([36mtrue[39m)[33m;[39m
     [90m     |[39m                      [31m[1m^[22m[39m
     [90m 553 |[39m     })[33m;[39m
     [90m 554 |[39m
     [90m 555 |[39m     it([32m"should fail for under-resourced streaming block"[39m[33m,[39m () 
[33m=>[39m {[0m

      at Object.<anonymous> (test/electron/prisms/spectrum/isBufferMediaPoolValid.test.ts:552:22)

  ΓùÅ isBufferMediaPoolValid ΓÇ║ Realistic Scenario Tests ΓÇ║ should pass for content-rich but 
low-commercial pool

    expect(received).toBe(expected) // Object.is equality

    Expected: true
    Received: false

    [0m [90m 592 |[39m         [33mBUFFER_DURATION[39m
     [90m 593 |[39m       )[33m;[39m
    [31m[1m>[22m[39m[90m 594 |[39m       expect(result)[33m.[39mtoBe([36mtrue[39m)[33m;[39m
     [90m     |[39m                      [31m[1m^[22m[39m
     [90m 595 |[39m     })[33m;[39m
     [90m 596 |[39m   })[33m;[39m
     [90m 597 |[39m })[33m;[39m[0m

      at Object.<anonymous> (test/electron/prisms/spectrum/isBufferMediaPoolValid.test.ts:594:22)

Test Suites: 1 failed, 1 total
Tests:       14 failed, 10 passed, 24 total
Snapshots:   0 total
Time:        0.872 s, estimated 2 s
Ran all test suites matching test/electron/prisms/spectrum/isBufferMediaPoolValid.test.ts.
